<item>
  <guid isPermaLink="true">link</guid>
  <title>title</title>
  <link>link</link>
</item>